NETBEGIN 1
CLUBEGIN 1
PERBEGIN 1
CLSBEGIN 1
HIEBEGIN 1
VECBEGIN 1

% Reading Network   ---    Z:\workspace\caffeine_citation\pajek_files\eras_7yr\era17.net
N 1 RDN "Z:\workspace\caffeine_citation\pajek_files\eras_7yr\era17.net" (71995)
% # Louvain Community Detection. Coarsening and Refinement.                    #
%  * Iteration: 1. Coarsening Phase.
% Level=1
% Shrinking
% Level=2
% Shrinking
% Level=3
% Shrinking
% Level=4
% Shrinking
% Level=5
% Shrinking
% Level=6
%  * Iteration: 1. Refinement Phase.
% Level=4
% Level=3
% Level=2
% Level=1
%  * Iteration: 2. Coarsening Phase.
% Shrinking
% Level=2
% Shrinking
% Level=3
%  * Iteration: 2. Refinement Phase.
% Level=1
%  * Iteration: 3. Coarsening Phase.
% Shrinking
% Level=2
% Shrinking
% Level=3
%  * Iteration: 3. Refinement Phase.
% Level=1
%  Final partition after additional refinement
C 1 MODULARITYML 1 20 50 1 20 1.0000000000 0.500000 (71995)
E 1 CIRCULAR
E 1 DRAW 1 0 0 0 0
